C:\ST\STM32CubeIDE_1.19.0\STM32CubeIDE\plugins\com.st.stm32cube.ide.mcu.externaltools.gnu-tools-for-stm32.13.3.rel1.win32_1.0.0.202411081344\tools\arm-none-eabi\include\c++\13.3.1\arm-none-eabi\thumb\v6-m\nofp\bits\gthr-default.h:229:1:int __gthread_key_delete(__gthread_key_t)	16	static
../Core/Inc/tflite-model/tflite_learn_13_compiled.cpp:293:13:void {anonymous}::init_tflite_tensor(size_t, TfLiteTensor*)	32	static
../Core/Inc/tflite-model/tflite_learn_13_compiled.cpp:326:13:void {anonymous}::init_tflite_eval_tensor(int, TfLiteEvalTensor*)	32	static
../Core/Inc/tflite-model/tflite_learn_13_compiled.cpp:349:15:void* {anonymous}::AllocatePersistentBufferImpl(TfLiteContext*, size_t)	24	static
../Core/Inc/tflite-model/tflite_learn_13_compiled.cpp:392:21:TfLiteStatus {anonymous}::RequestScratchBufferInArenaImpl(TfLiteContext*, size_t, int*)	40	static
../Core/Inc/tflite-model/tflite_learn_13_compiled.cpp:418:14:void* {anonymous}::GetScratchBufferImpl(TfLiteContext*, int)	16	static
../Core/Inc/tflite-model/tflite_learn_13_compiled.cpp:427:13:void {anonymous}::ResetTensors()	16	static
../Core/Inc/tflite-model/tflite_learn_13_compiled.cpp:436:22:TfLiteTensor* {anonymous}::GetTensorImpl(const TfLiteContext*, int)	32	static
../Core/Inc/tflite-model/tflite_learn_13_compiled.cpp:459:26:TfLiteEvalTensor* {anonymous}::GetEvalTensorImpl(const TfLiteContext*, int)	24	static
../Core/Inc/tflite-model/tflite_learn_13_compiled.cpp:485:3:{anonymous}::EonMicroContext::EonMicroContext()	16	static
../Core/Inc/tflite-model/tflite_learn_13_compiled.cpp:487:9:virtual void* {anonymous}::EonMicroContext::AllocatePersistentBuffer(size_t)	16	static
../Core/Inc/tflite-model/tflite_learn_13_compiled.cpp:491:16:virtual TfLiteStatus {anonymous}::EonMicroContext::RequestScratchBufferInArena(size_t, int*)	24	static
../Core/Inc/tflite-model/tflite_learn_13_compiled.cpp:496:9:virtual void* {anonymous}::EonMicroContext::GetScratchBuffer(int)	16	static
../Core/Inc/tflite-model/tflite_learn_13_compiled.cpp:500:17:virtual TfLiteTensor* {anonymous}::EonMicroContext::AllocateTempTfLiteTensor(int)	16	static
../Core/Inc/tflite-model/tflite_learn_13_compiled.cpp:504:8:virtual void {anonymous}::EonMicroContext::DeallocateTempTfLiteTensor(TfLiteTensor*)	16	static
../Core/Inc/tflite-model/tflite_learn_13_compiled.cpp:512:21:virtual TfLiteEvalTensor* {anonymous}::EonMicroContext::GetEvalTensor(int)	16	static
../Core/Inc/tflite-model/tflite_learn_13_compiled.cpp:482:7:{anonymous}::EonMicroContext::~EonMicroContext()	16	static
../Core/Inc/tflite-model/tflite_learn_13_compiled.cpp:482:7:virtual {anonymous}::EonMicroContext::~EonMicroContext()	16	static
../Core/Inc/tflite-model/tflite_learn_13_compiled.cpp:521:14:TfLiteStatus tflite_learn_13_init(void* (*)(size_t, size_t))	192	static
../Core/Inc/tflite-model/tflite_learn_13_compiled.cpp:593:14:TfLiteStatus tflite_learn_13_input(int, TfLiteTensor*)	16	static
../Core/Inc/tflite-model/tflite_learn_13_compiled.cpp:598:14:TfLiteStatus tflite_learn_13_output(int, TfLiteTensor*)	16	static
../Core/Inc/tflite-model/tflite_learn_13_compiled.cpp:603:14:TfLiteStatus tflite_learn_13_invoke()	24	static
../Core/Inc/tflite-model/tflite_learn_13_compiled.cpp:675:14:TfLiteStatus tflite_learn_13_reset(void (*)(void*))	24	static
../Core/Inc/tflite-model/tflite_learn_13_compiled.cpp:689:1:void __static_initialization_and_destruction_0()	8	static
../Core/Inc/tflite-model/tflite_learn_13_compiled.cpp:689:1:cpp)	8	static
